evanc@BlueSteel ~
$ pwd
/home/evanc
evanc@BlueSteel ~
$ cd assignment1/

evanc@BlueSteel ~
$ cat >newtext.newtext
Hello world!

evanc@BlueSteel ~
$ ls
newxtext.txt

evanc@BlueSteel ~
$ tough anothertext.newtext

evanc@BlueSteel ~
$ ls
anothertext.txt newtext.newtext

evanc@BlueSteel ~
$ cp newtext.txt newtext1.txt

evanc@BlueSteel ~
$ less newtext.txt

evanc@BlueSteel ~
$ more newtext.txt
Hello World!

evanc@BlueSteel ~
$ rm anothertext.txt ../

evanc@BlueSteel ~
$ mv newtext1.txt

evanc@BlueSteel ~
$ pushd
~ ~/assignment1/

evanc@BlueSteel ~
$ rmdir assignment1/

evanc@BlueSteel ~
$ cd unixstuff/

evanc@BlueSteel ~/unixstuff
$ popd
-bash: popd: /home/evanc/assignment1: No such file or directory

evanc@BlueSteel ~/unixstuff 
